// Jest Snapshot v1, https://goo.gl/fbAQLP

exports[`ui <ScreenContainer /> renders <ScreenContainer /> 1`] = `
<View
  accessibilityLabel="Screen container"
  style={
    Array [
      Object {
        "backgroundColor": "#FFFFFF",
        "flex": 1,
      },
      undefined,
      undefined,
      undefined,
      undefined,
      undefined,
    ]
  }
/>
`;
