// Jest Snapshot v1, https://goo.gl/fbAQLP

exports[`countries <Menu /> renders <Menu /> 1`] = `
<View
  style={
    Object {
      "flex": 1,
      "justifyContent": "space-between",
    }
  }
>
  <View
    accessibilityState={
      Object {
        "disabled": false,
      }
    }
    accessible={true}
    collapsable={false}
    focusable={true}
    onClick={[Function]}
    onResponderGrant={[Function]}
    onResponderMove={[Function]}
    onResponderRelease={[Function]}
    onResponderTerminate={[Function]}
    onResponderTerminationRequest={[Function]}
    onStartShouldSetResponder={[Function]}
    style={
      Object {
        "flex": 1,
        "marginHorizontal": 8,
        "marginVertical": 16,
        "opacity": 1,
        "padding": 8,
        "shadowColor": "#000000",
        "shadowOffset": Object {
          "height": 2,
          "width": 0,
        },
        "shadowOpacity": 0.25,
        "shadowRadius": 3.84,
      }
    }
    testID="All countries"
  >
    <View
      accessibilityLabel="Content container"
      style={
        Array [
          Object {
            "borderRadius": 8,
            "overflow": "hidden",
          },
          Object {
            "backgroundColor": "#0036A7",
            "flex": 1,
            "flexDirection": "row",
          },
        ]
      }
    >
      <View
        style={
          Object {
            "alignItems": "center",
            "justifyContent": "center",
            "paddingHorizontal": 8,
            "width": "30%",
          }
        }
      >
        <Image
          accessibilityLabel="flag"
          source={
            Object {
              "testUri": "../../../assets/images/countries/flag.png",
            }
          }
          style={
            Array [
              false,
              false,
              Object {
                "height": 48,
                "width": 48,
              },
            ]
          }
        />
      </View>
      <View
        style={
          Object {
            "flex": 1,
            "justifyContent": "center",
            "paddingEnd": 16,
            "paddingStart": 8,
          }
        }
      >
        <Text
          numberOfLines={2}
          style={
            Array [
              Object {
                "color": "#000000",
                "fontFamily": "System",
                "fontWeight": "400",
              },
              Object {
                "textAlign": "left",
              },
              Array [
                Object {
                  "color": "#4A4E4D",
                },
                Object {
                  "fontFamily": "SFProText-Bold",
                },
                Object {
                  "fontSize": 14,
                },
                Object {
                  "color": "#FFFFFF",
                },
              ],
            ]
          }
        >
          menu.allCountries
        </Text>
      </View>
    </View>
  </View>
  <View
    accessibilityState={
      Object {
        "disabled": false,
      }
    }
    accessible={true}
    collapsable={false}
    focusable={true}
    onClick={[Function]}
    onResponderGrant={[Function]}
    onResponderMove={[Function]}
    onResponderRelease={[Function]}
    onResponderTerminate={[Function]}
    onResponderTerminationRequest={[Function]}
    onStartShouldSetResponder={[Function]}
    style={
      Object {
        "flex": 1,
        "marginHorizontal": 8,
        "marginVertical": 16,
        "opacity": 1,
        "padding": 8,
        "shadowColor": "#000000",
        "shadowOffset": Object {
          "height": 2,
          "width": 0,
        },
        "shadowOpacity": 0.25,
        "shadowRadius": 3.84,
      }
    }
    testID="Countries by region"
  >
    <View
      accessibilityLabel="Content container"
      style={
        Array [
          Object {
            "borderRadius": 8,
            "overflow": "hidden",
          },
          Object {
            "backgroundColor": "#0036A7",
            "flex": 1,
            "flexDirection": "row",
          },
        ]
      }
    >
      <View
        style={
          Object {
            "alignItems": "center",
            "justifyContent": "center",
            "paddingHorizontal": 8,
            "width": "30%",
          }
        }
      >
        <Image
          accessibilityLabel="region"
          source={
            Object {
              "testUri": "../../../assets/images/countries/region.png",
            }
          }
          style={
            Array [
              false,
              false,
              Object {
                "height": 48,
                "width": 48,
              },
            ]
          }
        />
      </View>
      <View
        style={
          Object {
            "flex": 1,
            "justifyContent": "center",
            "paddingEnd": 16,
            "paddingStart": 8,
          }
        }
      >
        <Text
          numberOfLines={2}
          style={
            Array [
              Object {
                "color": "#000000",
                "fontFamily": "System",
                "fontWeight": "400",
              },
              Object {
                "textAlign": "left",
              },
              Array [
                Object {
                  "color": "#4A4E4D",
                },
                Object {
                  "fontFamily": "SFProText-Bold",
                },
                Object {
                  "fontSize": 14,
                },
                Object {
                  "color": "#FFFFFF",
                },
              ],
            ]
          }
        >
          menu.countriesByRegion
        </Text>
      </View>
    </View>
  </View>
</View>
`;
