// Jest Snapshot v1, https://goo.gl/fbAQLP

exports[`countries <CountriesListItem /> renders <CountriesListItem /> 1`] = `
<View
  accessible={true}
  collapsable={false}
  focusable={true}
  onClick={[Function]}
  onResponderGrant={[Function]}
  onResponderMove={[Function]}
  onResponderRelease={[Function]}
  onResponderTerminate={[Function]}
  onResponderTerminationRequest={[Function]}
  onStartShouldSetResponder={[Function]}
  style={
    Object {
      "flexDirection": "row",
      "opacity": 1,
      "paddingHorizontal": 16,
      "paddingVertical": 8,
    }
  }
  testID="Countries list item"
>
  <Image
    resizeMode="contain"
    source={
      Object {
        "uri": "https://flagcdn.com/w320/ua.png",
      }
    }
    style={
      Object {
        "width": 32,
      }
    }
  />
  <View
    style={
      Object {
        "flex": 1,
        "marginStart": 16,
      }
    }
  >
    <Text
      numberOfLines={1}
      style={
        Array [
          Object {
            "color": "#000000",
            "fontFamily": "System",
            "fontWeight": "400",
          },
          Object {
            "textAlign": "left",
          },
          Array [
            Object {
              "color": "#4A4E4D",
            },
            Object {
              "fontFamily": "SF Pro Text Bold",
            },
            Object {
              "fontSize": 14,
            },
            undefined,
          ],
        ]
      }
    >
      Ukraine
    </Text>
    <Text
      numberOfLines={1}
      style={
        Array [
          Object {
            "color": "#000000",
            "fontFamily": "System",
            "fontWeight": "400",
          },
          Object {
            "textAlign": "left",
          },
          Array [
            Object {
              "color": "#4A4E4D",
            },
            Object {
              "fontFamily": "SF Pro Text Bold",
            },
            Object {
              "fontSize": 14,
            },
            Object {
              "color": "rgba(74, 78, 77, 0.5)",
            },
          ],
        ]
      }
    >
      Kyiv
    </Text>
  </View>
</View>
`;
