// Jest Snapshot v1, https://goo.gl/fbAQLP

exports[`ui <ActivityIndicator /> renders <ActivityIndicator /> 1`] = `
<View
  style={
    Object {
      "alignItems": "center",
      "flex": 1,
      "justifyContent": "center",
    }
  }
>
  <ActivityIndicator
    accessibilityLabel="Activity indicator"
    color="#0036A7"
    size="large"
  />
</View>
`;
