// Jest Snapshot v1, https://goo.gl/fbAQLP

exports[`errors <ErrorScreen /> should render correctly 1`] = `
<View
  style={
    Array [
      Object {
        "backgroundColor": "#FFFFFF",
        "flex": 1,
        "padding": 16,
      },
      Object {
        "marginBottom": 16,
      },
    ]
  }
  testID="errorScreen"
>
  <View
    style={
      Object {
        "flex": 1,
        "justifyContent": "center",
      }
    }
  >
    <Text
      style={
        Array [
          Object {
            "color": "#000000",
            "fontFamily": "System",
            "fontWeight": "400",
          },
          Object {
            "textAlign": "left",
          },
          Array [
            Object {
              "color": "#4A4E4D",
            },
            Object {
              "fontFamily": "SF Pro Text Bold",
            },
            Object {
              "fontSize": 18,
            },
            Object {
              "color": "#fe4a49",
              "marginBottom": 24,
              "textAlign": "center",
            },
          ],
        ]
      }
    >
      errorBoundaryTitle
    </Text>
    <Text
      style={
        Array [
          Object {
            "color": "#000000",
            "fontFamily": "System",
            "fontWeight": "400",
          },
          Object {
            "textAlign": "left",
          },
          Array [
            Object {
              "color": "#4A4E4D",
            },
            Object {
              "fontFamily": "SF Pro Display Regular",
            },
            Object {
              "fontSize": 14,
            },
            undefined,
          ],
        ]
      }
    >
      errorBoundarySubtitle
    </Text>
  </View>
  <View
    collapsable={false}
    style={
      Object {
        "backgroundColor": "#0036A7",
        "borderColor": "transparent",
        "borderRadius": 8,
        "borderStyle": "solid",
        "borderWidth": 0,
        "elevation": 2,
        "minWidth": 64,
        "shadowColor": "#000000",
        "shadowOffset": Object {
          "height": 0.75,
          "width": 0,
        },
        "shadowOpacity": 0.24,
        "shadowRadius": 1.5,
      }
    }
  >
    <View
      accessibilityRole="button"
      accessibilityState={
        Object {
          "disabled": true,
        }
      }
      accessible={true}
      focusable={false}
      onClick={[Function]}
      onResponderGrant={[Function]}
      onResponderMove={[Function]}
      onResponderRelease={[Function]}
      onResponderTerminate={[Function]}
      onResponderTerminationRequest={[Function]}
      onStartShouldSetResponder={[Function]}
      style={
        Array [
          Object {
            "overflow": "hidden",
          },
          Object {
            "borderRadius": 8,
          },
        ]
      }
    >
      <View
        style={
          Array [
            Object {
              "alignItems": "center",
              "flexDirection": "row",
              "justifyContent": "center",
            },
            Object {
              "height": 48,
            },
          ]
        }
      >
        <Text
          numberOfLines={1}
          selectable={false}
          style={
            Array [
              Object {
                "color": "#000000",
                "fontFamily": "System",
                "fontWeight": "400",
              },
              Object {
                "textAlign": "left",
              },
              Array [
                Object {
                  "letterSpacing": 1,
                  "marginHorizontal": 16,
                  "marginVertical": 9,
                  "textAlign": "center",
                },
                undefined,
                false,
                Object {
                  "color": "#ffffff",
                  "fontFamily": "System",
                  "fontWeight": "500",
                },
                Object {
                  "fontFamily": "System",
                  "fontWeight": "500",
                },
                Array [
                  Object {
                    "color": "#FFFFFF",
                  },
                  undefined,
                ],
              ],
            ]
          }
        >
          dismiss
        </Text>
      </View>
    </View>
  </View>
</View>
`;
